error[E0312]: lifetime of reference outlives lifetime of borrowed content...
  --> src/test/ui/lifetime-errors/ex1-return-one-existing-name-if-else-self-is-anon.rs:18:24
   |
18 |    if true { x} else { self }
   |                        ^^^^
   |
note: ...the reference is valid for the lifetime 'a as defined on the method body at 16:3...
  --> src/test/ui/lifetime-errors/ex1-return-one-existing-name-if-else-self-is-anon.rs:16:3
   |
16 | /   fn foo<'a>(&self, x: &'a Foo) -> &'a Foo {
17 | |
18 | |    if true { x} else { self }
19 | |
20 | |   }
   | |___^
note: ...but the borrowed content is only valid for the anonymous lifetime #1 defined on the method body at 16:3
  --> src/test/ui/lifetime-errors/ex1-return-one-existing-name-if-else-self-is-anon.rs:16:3
   |
16 | /   fn foo<'a>(&self, x: &'a Foo) -> &'a Foo {
17 | |
18 | |    if true { x} else { self }
19 | |
20 | |   }
   | |___^

error: aborting due to previous error(s)
