error[E0601]: main function not found

error[E0622]: lifetime mismatch
  --> $DIR/ex3-both-anon-regions.rs:12:12
   |
11 | fn foo(x: &mut Vec<&u8>, y: &u8) {
   |                    ---      --- these references must have the same lifetime
12 |     x.push(y);
   |            ^ data from `y` flows into `x` here

error: aborting due to 2 previous errors

